// Jest Snapshot v1, https://goo.gl/fbAQLP

exports[`getAndDisplayPlans should log that the change log was synced successfully 1`] = `
"    
       [32mâœ”[39m [1m[32m[SYNC][39m __PATH__ [90m(change:__ID__)[39m[22m
[2m[22m
[2m      [2mat [22m[2msrc/logic/commands/getAndSyncChangeLogForChangeDefinition.ts[2m:45:11[22m[2m[22m

"
`;
