// Jest Snapshot v1, https://goo.gl/fbAQLP

exports[`showCreateView should be possible to get create statement of view 1`] = `
"CREATE OR REPLACE VIEW test_view_for_show_create_on AS 
  SELECT 'hello'::text AS first_words;"
`;
