// Jest Snapshot v1, https://goo.gl/fbAQLP

exports[`flattenNestedArraySqlByReferencingAndTokenizingSubqueriesRecursive should accurately flatten and tokenize this example 1`] = `
Array [
  SqlSubqueryReference {
    "id": "__UUID__",
    "sql": "(
    SELECT GROUP_CONCAT(ice_cream_to_ingredient.ingredient_id ORDER BY ice_cream_to_ingredient.ingredient_id)
    FROM ice_cream_to_ingredient WHERE ice_cream_to_ingredient.ice_cream_id = s.id
  )",
  },
]
`;

exports[`flattenNestedArraySqlByReferencingAndTokenizingSubqueriesRecursive should accurately flatten and tokenize this example 2`] = `
"SELECT
  s.id,
  s.uuid,
  s.name,
  __SSQ:__UUID____ as ingredient_ids,
  s.created_at
FROM ice_cream s
;"
`;
